frequency output,frequency input,fcc callsign,agency/category,description,alpha tag,pl output tone,pl input tone,mode,class station code,tag,county
122.970000,0.00000,,Randolph Air Force Base Auxiliary Field Aircraft Operations,Runway Supervisory Unit VHF,RAFB AUXFLD V,CSQ,,AM,BM,Aircraft,guadalupe
